Launching lib\main.dart on vivo 1920 in debug mode...
Running Gradle task 'assembleDebug'...                          
flutter : lib/services/background_service.dart:92:9: Error: No named parameter with the name 'notificationIcon'.
At line:1 char:1
+ flutter run > build_error.log 2>&1
+ ~~~~~~~~~~~~~~~~~~~~~~~~~~~~~~~~~~
    + CategoryInfo          : NotSpecified: (lib/services/ba...ificationIcon'.:String) [], RemoteException
    + FullyQualifiedErrorId : NativeCommandError
 
        notificationIcon: NotificationIconData(
        ^^^^^^^^^^^^^^^^
/C:/Users/durai/AppData/Local/Pub/Cache/hosted/pub.dev/flutter_foreground_task-8.17.0/lib/models/notification_options.dart:8:3: Context: Found this 
candidate, but the arguments don't match.
  AndroidNotificationOptions({
  ^^^^^^^^^^^^^^^^^^^^^^^^^^
Target kernel_snapshot_program failed: Exception


FAILURE: Build failed with an exception.

* What went wrong:
Execution failed for task ':app:compileFlutterBuildDebug'.
> Process 'command 'C:\flutter\bin\flutter.bat'' finished with non-zero exit value 1

* Try:
> Run with --stacktrace option to get the stack trace.
> Run with --info or --debug option to get more log output.
> Run with --scan to get full insights.
> Get more help at https://help.gradle.org.

BUILD FAILED in 13s
Running Gradle task 'assembleDebug'...                             14.2s
Error: Gradle task assembleDebug failed with exit code 1
