Running Gradle task 'assembleDebug'...                          
flutter : lib/main.dart:193:55: Error: Not a constant expression.
At line:1 char:1
+ flutter build apk --debug --no-pub > build_output.txt 2>&1; Get-Conte ...
+ ~~~~~~~~~~~~~~~~~~~~~~~~~~~~~~~~~~~~~~~~~~~~~~~~~~~~~~~~~~
    + CategoryInfo          : NotSpecified: (lib/main.dart:1...ant expression.:String) [], RemoteException
    + FullyQualifiedErrorId : NativeCommandError
 
        RouteConstants.getStarted: (context) => const OnboardingScreen(),
                                                      ^^^^^^^^^^^^^^^^
Target kernel_snapshot_program failed: Exception


FAILURE: Build failed with an exception.

* What went wrong:
Execution failed for task ':app:compileFlutterBuildDebug'.
> Process 'command 'C:\flutter_windows_3.41.1-stable\flutter\bin\flutter.bat'' finished with non-zero exit value 1

* Try:
> Run with --stacktrace option to get the stack trace.
> Run with --info or --debug option to get more log output.
> Run with --scan to get full insights.
> Get more help at https://help.gradle.org.

BUILD FAILED in 8s
Running Gradle task 'assembleDebug'...                              8.6s
Gradle task assembleDebug failed with exit code 1
